main.c:111:1:__io_putchar	16	static
main.c:123:5:main	8	static
main.c:186:6:SystemClock_Config	88	static
main.c:231:13:MX_ADC1_Init	24	static
main.c:321:13:MX_I2C3_Init	8	static
main.c:355:13:MX_TIM2_Init	56	static
main.c:404:13:MX_TIM3_Init	48	static
main.c:457:13:MX_TIM4_Init	56	static
main.c:506:13:MX_TIM5_Init	32	static
main.c:551:13:MX_USART6_UART_Init	8	static
main.c:582:13:MX_DMA_Init	16	static
main.c:600:13:MX_GPIO_Init	48	static
main.c:655:6:Sensor_Convert_A2D	16	static
main.c:673:6:Sensor_PrintValue	16	static
main.c:683:6:ScrollUp	16	static
main.c:751:6:SelectItem	8	static,ignoring_inline_asm
main.c:771:6:MultifunctionButton	16	static
main.c:848:6:HAL_GPIO_EXTI_Callback	16	static,ignoring_inline_asm
main.c:861:6:HAL_TIM_PeriodElapsedCallback	16	static
main.c:876:6:ReadFlash	32	static
main.c:894:6:Error_Handler	4	static,ignoring_inline_asm
