main.c:102:1:__io_putchar	16	static
main.c:114:5:main	8	static
main.c:174:6:SystemClock_Config	88	static
main.c:219:13:MX_ADC1_Init	24	static
main.c:309:13:MX_I2C3_Init	8	static
main.c:343:13:MX_TIM2_Init	56	static
main.c:392:13:MX_TIM3_Init	48	static
main.c:445:13:MX_TIM4_Init	56	static
main.c:494:13:MX_TIM5_Init	32	static
main.c:539:13:MX_USART6_UART_Init	8	static
main.c:570:13:MX_DMA_Init	16	static
main.c:588:13:MX_GPIO_Init	48	static
main.c:643:6:Sensor_Convert_A2D	16	static
main.c:661:6:Sensor_PrintValue	16	static
main.c:671:6:ScrollUp	16	static
main.c:739:6:SelectItem	8	static,ignoring_inline_asm
main.c:759:6:MultifunctionButton	16	static
main.c:836:6:HAL_GPIO_EXTI_Callback	16	static,ignoring_inline_asm
main.c:849:6:HAL_TIM_PeriodElapsedCallback	16	static
main.c:870:6:Error_Handler	4	static,ignoring_inline_asm
